2026-10-02 04:09:00,544 : INFO : root : Loading config.
2026-10-02 04:09:00,544 : INFO : root : Raw command line: -xt
2026-10-02 04:09:00,546 : INFO : YamlMultifileConfigLoader : Machine config file #1: config.yaml
2026-10-02 04:09:00,547 : INFO : ConfigProcessor : Loading config from cache: C:\Users\Keaton\AppData\Local\Temp\d3d72ad56e391f3e95763fbf82235c74.mpf_cache
2026-10-02 04:09:00,649 : WARNING : ConfigProcessor : Config file in cache changed: C:\Users\Keaton\Documents\ONE-PIECE-PINBALL\modes\attract\config\attract.yaml
2026-10-02 04:09:00,649 : INFO : ConfigProcessor : Loading config from file C:\Users\Keaton\mpf\Lib\site-packages\mpf\modes\attract\config\attract.yaml.
2026-10-02 04:09:00,651 : INFO : ConfigProcessor : Loading config: C:\Users\Keaton\mpf\Lib\site-packages\mpf\modes\attract\config\attract.yaml
2026-10-02 04:09:00,651 : INFO : ConfigProcessor : Loading config from file C:\Users\Keaton\Documents\ONE-PIECE-PINBALL\modes\attract\config\attract.yaml.
2026-10-02 04:09:00,652 : INFO : ConfigProcessor : Loading config: C:\Users\Keaton\Documents\ONE-PIECE-PINBALL\modes\attract\config\attract.yaml
2026-10-02 04:09:00,652 : INFO : ConfigProcessor : Config file cache created: C:\Users\Keaton\AppData\Local\Temp\c0e205e1cc09a8965094b4695aa3f261.mpf_cache
2026-10-02 04:09:00,653 : INFO : ConfigProcessor : Loading config from cache: C:\Users\Keaton\AppData\Local\Temp\b0a009d48be65e3f01ac038645353005.mpf_cache
2026-10-02 04:09:00,654 : INFO : ConfigProcessor : Loading config from cache: C:\Users\Keaton\AppData\Local\Temp\c0e205e1cc09a8965094b4695aa3f261.mpf_cache
2026-10-02 04:09:00,655 : INFO : ConfigProcessor : Loading config from cache: C:\Users\Keaton\AppData\Local\Temp\b3b9892bb1d5f1bf3ce7a084daca04a2.mpf_cache
2026-10-02 04:09:00,656 : INFO : Machine : Mission Pinball Framework Core Engine v0.81.0.dev6
2026-10-02 04:09:00,656 : INFO : Machine : Command line arguments: {'no_load_cache': False, 'create_config_cache': True, 'bcp': True, 'configfile': ['config.yaml'], 'echo_args': True, 'force_assets_load': False, 'platform_integration_test': False, 'jsonlogging': False, 'logfile': 'logs\\2026-10-02-04-09-00-mpf-KeatonsPC.log', 'pause': False, 'production': False, 'text_ui': False, 'loglevel': 15, 'consoleloglevel': 20, 'force_platform': 'virtual', 'syslog_address': None, 'full_logfile_path': 'C:\\Users\\Keaton\\Documents\\ONE-PIECE-PINBALL\\logs\\2026-10-02-04-09-00-mpf-KeatonsPC.log'}
2026-10-02 04:09:00,656 : INFO : Machine : MPF path: C:\Users\Keaton\mpf\Lib\site-packages\mpf
2026-10-02 04:09:00,656 : INFO : Machine : Machine path: C:\Users\Keaton\Documents\ONE-PIECE-PINBALL
2026-10-02 04:09:00,656 : INFO : Machine : Platform: win32
2026-10-02 04:09:00,656 : INFO : Machine : Python executable location: C:\Users\Keaton\mpf\Scripts\python.exe
2026-10-02 04:09:00,656 : INFO : Machine : Python version: 3.12.10 (64-bit)
2026-10-02 04:09:00,938 : ERROR : ConfigValidator : Your config contains a value for the setting "sound_player:bust", but this is not a valid setting name.
2026-10-02 04:09:00,939 : ERROR : asyncio : Exception in callback EventManager._queue_task_done(<Task finishe...tting name.')>)
handle: <Handle EventManager._queue_task_done(<Task finishe...tting name.')>)>
Traceback (most recent call last):
  File "C:\Users\Keaton\AppData\Local\Programs\Python\Python312\Lib\asyncio\events.py", line 88, in _run
    self._context.run(self._callback, *self._args)
  File "C:\Users\Keaton\mpf\Lib\site-packages\mpf\core\events.py", line 798, in _queue_task_done
    future.result()
  File "C:\Users\Keaton\mpf\Lib\site-packages\mpf\core\events.py", line 711, in _run_handlers_sequential
    handler.callback(queue=queue, **merged_kwargs)
  File "C:\Users\Keaton\mpf\Lib\site-packages\mpf\core\mode_controller.py", line 97, in initialize_modes
    item.method(config=mode.config[item.config_section],
  File "C:\Users\Keaton\mpf\Lib\site-packages\mpf\core\config_player.py", line 150, in process_mode_config
    config = self.validate_config(config)
             ^^^^^^^^^^^^^^^^^^^^^^^^^^^^
  File "C:\Users\Keaton\mpf\Lib\site-packages\mpf\core\config_player.py", line 113, in validate_config
    validated_config[event] = self.validate_config_entry(settings, event)
                              ^^^^^^^^^^^^^^^^^^^^^^^^^^^^^^^^^^^^^^^^^^^
  File "C:\Users\Keaton\mpf\Lib\site-packages\mpf\config_players\device_config_player.py", line 56, in validate_config_entry
    raise e
  File "C:\Users\Keaton\mpf\Lib\site-packages\mpf\config_players\device_config_player.py", line 52, in validate_config_entry
    self._validate_config_item(device, device_settings))
    ^^^^^^^^^^^^^^^^^^^^^^^^^^^^^^^^^^^^^^^^^^^^^^^^^^^
  File "C:\Users\Keaton\mpf\Lib\site-packages\mpf\config_players\sound_player.py", line 24, in _validate_config_item
    device_settings = self.machine.config_validator.validate_config(
                      ^^^^^^^^^^^^^^^^^^^^^^^^^^^^^^^^^^^^^^^^^^^^^^
  File "C:\Users\Keaton\mpf\Lib\site-packages\mpf\core\config_validator.py", line 163, in validate_config
    return self._validate_config(config_spec, source, base_spec=base_spec, add_missing_keys=add_missing_keys,
           ^^^^^^^^^^^^^^^^^^^^^^^^^^^^^^^^^^^^^^^^^^^^^^^^^^^^^^^^^^^^^^^^^^^^^^^^^^^^^^^^^^^^^^^^^^^^^^^^^^
  File "C:\Users\Keaton\mpf\Lib\site-packages\mpf\core\config_validator.py", line 176, in _validate_config
    self.check_for_invalid_sections(this_spec, source, validation_failure_info)
  File "C:\Users\Keaton\mpf\Lib\site-packages\mpf\core\config_validator.py", line 344, in check_for_invalid_sections
    raise ConfigFileError('Your config contains a value for the '
mpf.exceptions.config_file_error.ConfigFileError: Config File Error in ConfigValidator: Failed to load config player mode_attract_started:sounds with settings {'intro_1_we_are': {'bust': 'music'}} >> Your config contains a value for the setting "sound_player:bust", but this is not a valid setting name. Error Code: CFE-ConfigValidator-2 (https://missionpinball.org/latest/logs)
2026-10-02 04:09:00,942 : INFO : Machine : Shutting down...
2026-10-02 04:09:01,943 : ERROR : Machine : MPF Initialization was interrupted or aborted before completing.
2026-10-02 04:09:01,943 : INFO : root : MPF run loop ended.
